---
source: tests/arttrie_runner.rs
expression: transcript
---
> Start

trie:
  (empty)

root: None
page_count: 1
page_size: 65536
dirty: []
dirties_before_flush: 16
free_lists:
  (none)

=== page 0 (metadata) ===
dirties_before_flush: 16

> insert key="k" value="v1"

trie:
  Leaf [p2s0] key="k" value="v1"

root: page=2 slot=0 size=64
page_count: 3
page_size: 65536
dirty: [0, 1, 2]
dirties_before_flush: 16
free_lists:
  class 3 (8B): [1]
  class 6 (64B): [2]

=== page 0 (metadata) ===
dirties_before_flush: 16

=== page 1 (data, class=3, slot_size=8, slots=8063, bitmap_bytes=1008) ===
prev: 0  next: 0
occupied_slots: [0, 1]
slot[0]: 6b 00 00 00 00 00 00 00  |k.......|
slot[1]: 76 31 00 00 00 00 00 00  |v1......|

=== page 2 (data, class=6, slot_size=64, slots=1021, bitmap_bytes=128) ===
prev: 0  next: 0
occupied_slots: [0]
slot[0]: 05 00 00 00 01 00 00 00 02 00 00 00 00 00 00 00 08 00 00 00 00 00 00 00 01 00 00 00 00 00 00 00 00 00 00 00 00 00 00 00 08 00 00 00 00 00 00 00 01 00 00 00 00 00 00 00 01 00 00 00 00 00 00 00  |................................................................|

> get key="k"

result: Some("v1")
stats: nodes=1 inner=0 edges=0 prefix_bytes=0 leaf_compared=true

trie:
  Leaf [p2s0] key="k" value="v1"

root: page=2 slot=0 size=64
page_count: 3
page_size: 65536
dirty: [0, 1, 2]
dirties_before_flush: 16
free_lists:
  class 3 (8B): [1]
  class 6 (64B): [2]

=== page 0 (metadata) ===
dirties_before_flush: 16

=== page 1 (data, class=3, slot_size=8, slots=8063, bitmap_bytes=1008) ===
prev: 0  next: 0
occupied_slots: [0, 1]
slot[0]: 6b 00 00 00 00 00 00 00  |k.......|
slot[1]: 76 31 00 00 00 00 00 00  |v1......|

=== page 2 (data, class=6, slot_size=64, slots=1021, bitmap_bytes=128) ===
prev: 0  next: 0
occupied_slots: [0]
slot[0]: 05 00 00 00 01 00 00 00 02 00 00 00 00 00 00 00 08 00 00 00 00 00 00 00 01 00 00 00 00 00 00 00 00 00 00 00 00 00 00 00 08 00 00 00 00 00 00 00 01 00 00 00 00 00 00 00 01 00 00 00 00 00 00 00  |................................................................|

> insert key="k" value="v2"

trie:
  Leaf [p2s0] key="k" value="v2"

root: page=2 slot=0 size=64
page_count: 3
page_size: 65536
dirty: [0, 1, 2]
dirties_before_flush: 16
free_lists:
  class 3 (8B): [1]
  class 6 (64B): [2]

=== page 0 (metadata) ===
dirties_before_flush: 16

=== page 1 (data, class=3, slot_size=8, slots=8063, bitmap_bytes=1008) ===
prev: 0  next: 0
occupied_slots: [0, 1]
slot[0]: 6b 00 00 00 00 00 00 00  |k.......|
slot[1]: 76 32 00 00 00 00 00 00  |v2......|

=== page 2 (data, class=6, slot_size=64, slots=1021, bitmap_bytes=128) ===
prev: 0  next: 0
occupied_slots: [0]
slot[0]: 05 00 00 00 01 00 00 00 02 00 00 00 00 00 00 00 08 00 00 00 00 00 00 00 01 00 00 00 00 00 00 00 00 00 00 00 00 00 00 00 08 00 00 00 00 00 00 00 01 00 00 00 00 00 00 00 01 00 00 00 00 00 00 00  |................................................................|

> get key="k"

result: Some("v2")
stats: nodes=1 inner=0 edges=0 prefix_bytes=0 leaf_compared=true

trie:
  Leaf [p2s0] key="k" value="v2"

root: page=2 slot=0 size=64
page_count: 3
page_size: 65536
dirty: [0, 1, 2]
dirties_before_flush: 16
free_lists:
  class 3 (8B): [1]
  class 6 (64B): [2]

=== page 0 (metadata) ===
dirties_before_flush: 16

=== page 1 (data, class=3, slot_size=8, slots=8063, bitmap_bytes=1008) ===
prev: 0  next: 0
occupied_slots: [0, 1]
slot[0]: 6b 00 00 00 00 00 00 00  |k.......|
slot[1]: 76 32 00 00 00 00 00 00  |v2......|

=== page 2 (data, class=6, slot_size=64, slots=1021, bitmap_bytes=128) ===
prev: 0  next: 0
occupied_slots: [0]
slot[0]: 05 00 00 00 01 00 00 00 02 00 00 00 00 00 00 00 08 00 00 00 00 00 00 00 01 00 00 00 00 00 00 00 00 00 00 00 00 00 00 00 08 00 00 00 00 00 00 00 01 00 00 00 00 00 00 00 01 00 00 00 00 00 00 00  |................................................................|
